// Jest Snapshot v1, https://goo.gl/fbAQLP

exports[`Button renders the primary button 1`] = `
.emotion-0 {
  height: 48px;
  margin: 0;
  border: none;
  cursor: pointer;
  display: -webkit-inline-box;
  display: -webkit-inline-flex;
  display: -ms-inline-flexbox;
  display: inline-flex;
  -webkit-box-pack: center;
  -webkit-justify-content: center;
  -ms-flex-pack: center;
  justify-content: center;
  -webkit-align-items: center;
  -webkit-box-align: center;
  -ms-flex-align: center;
  align-items: center;
  position: relative;
  font-weight: 600;
  outline: none;
  padding: 0 30px;
  border-radius: 4px;
  background-color: var(--maximeheckel-colors-brand,#5184f9);
  color: #FFFFFF;
  min-width: 150px;
  -webkit-transition: -webkit-transform 0.3s;
  -webkit-transition: transform 0.3s;
  transition: transform 0.3s;
}

<body>
  <div>
    <button
      class="emotion-0"
    >
      Test
    </button>
  </div>
</body>
`;

exports[`Button renders the secondary button 1`] = `
.emotion-0 {
  height: 48px;
  margin: 0;
  border: none;
  cursor: pointer;
  display: -webkit-inline-box;
  display: -webkit-inline-flex;
  display: -ms-inline-flexbox;
  display: inline-flex;
  -webkit-box-pack: center;
  -webkit-justify-content: center;
  -ms-flex-pack: center;
  justify-content: center;
  -webkit-align-items: center;
  -webkit-box-align: center;
  -ms-flex-align: center;
  align-items: center;
  position: relative;
  font-weight: 600;
  outline: none;
  padding: 0 30px;
  border-radius: 4px;
  background-color: transparent;
  color: var(--maximeheckel-colors-brand,#5184f9);
  border: 2px solid var(--maximeheckel-colors-brand,#5184f9);
  min-width: 150px;
  -webkit-transition: -webkit-transform 0.3s;
  -webkit-transition: transform 0.3s;
  transition: transform 0.3s;
}

<body>
  <div>
    <button
      class="emotion-0"
    >
      Test
    </button>
  </div>
</body>
`;

exports[`Button renders the tertiary button 1`] = `
.emotion-0 {
  height: 48px;
  margin: 0;
  border: none;
  cursor: pointer;
  display: -webkit-inline-box;
  display: -webkit-inline-flex;
  display: -ms-inline-flexbox;
  display: inline-flex;
  -webkit-box-pack: center;
  -webkit-justify-content: center;
  -ms-flex-pack: center;
  justify-content: center;
  -webkit-align-items: center;
  -webkit-box-align: center;
  -ms-flex-align: center;
  align-items: center;
  position: relative;
  font-weight: 600;
  outline: none;
  padding: 0 30px;
  border-radius: 4px;
  background-color: transparent;
  color: var(--maximeheckel-colors-brand,#5184f9);
  min-width: inherited;
  padding: 0px;
}

.emotion-0::after {
  content: '';
  display: block;
  position: absolute;
  top: 96%;
  left: 0;
  right: 0;
  height: 2px;
  background-color: var(--maximeheckel-colors-brand,#5184f9);
  -webkit-transform: scaleX(0);
  -ms-transform: scaleX(0);
  transform: scaleX(0);
  -webkit-transition: -webkit-transform 0.25s ease-in;
  -webkit-transition: transform 0.25s ease-in;
  transition: transform 0.25s ease-in;
  -webkit-transform-origin: right center;
  -ms-transform-origin: right center;
  transform-origin: right center;
  -webkit-text-decoration: none;
  text-decoration: none;
}

.emotion-0:hover::after {
  -webkit-transform: scale(1);
  -ms-transform: scale(1);
  transform: scale(1);
  -webkit-transform-origin: left center;
  -ms-transform-origin: left center;
  transform-origin: left center;
}

<body>
  <div>
    <button
      class="emotion-0"
    >
      Test
    </button>
  </div>
</body>
`;
