// Jest Snapshot v1, https://goo.gl/fbAQLP

exports[`Pill Renders the pill component properly 1`] = `
<DocumentFragment>
  .emotion-0 {
  font-size: 14px;
  background: blue;
  border-radius: 10px;
  height: 22px;
  display: -webkit-inline-box;
  display: -webkit-inline-flex;
  display: -ms-inline-flexbox;
  display: inline-flex;
  -webkit-align-items: center;
  -webkit-box-align: center;
  -ms-flex-align: center;
  align-items: center;
  -webkit-box-pack: center;
  -webkit-justify-content: center;
  -ms-flex-pack: center;
  justify-content: center;
  padding: 4px 8px 5px 8px;
  margin-left: 8px;
  color: #2b2d3e;
  min-width: 40px;
}

<span
    class="emotion-0"
    color="blue"
  >
    test
  </span>
</DocumentFragment>
`;
